411 ERROR:Unauthorized Access
411 ERROR:Unauthorized Access
404 ERROR:User does'nt exist
404 ERROR:User does'nt exist,Fri Jun 17 18:54:19 2016
404 ERROR:User does'nt exist,Fri Jun 17 20:53:24 2016
411 ERROR:Unauthorized Access,Fri Jun 17 20:53:35 2016
411 ERROR:Unauthorized Access,Sun Jun 19 11:44:43 2016
Exception:404.html,Sun Jun 19 11:57:27 2016
